Copyright 1986-2015 Xilinx, Inc. All Rights Reserved.
--------------------------------------------------------------------------------------
| Tool Version : Vivado v.2015.3 (win64) Build 1368829 Mon Sep 28 20:06:43 MDT 2015
| Date         : Thu Oct 29 16:45:03 2015
| Host         : MSI running 64-bit major release  (build 9200)
| Command      : report_control_sets -verbose -file SCOPE_TOP_control_sets_placed.rpt
| Design       : SCOPE_TOP
| Device       : xc7a35t
--------------------------------------------------------------------------------------

Control Set Information

Table of Contents
-----------------
1. Summary
2. Flip-Flop Distribution
3. Detailed Control Set Information

1. Summary
----------

+-------------------------------------------------------------------+-------+
|                               Status                              | Count |
+-------------------------------------------------------------------+-------+
| Number of unique control sets                                     |    15 |
| Minimum Number of register sites lost to control set restrictions |    46 |
+-------------------------------------------------------------------+-------+


2. Flip-Flop Distribution
-------------------------

+--------------+-----------------------+------------------------+-----------------+--------------+
| Clock Enable | Synchronous Set/Reset | Asynchronous Set/Reset | Total Registers | Total Slices |
+--------------+-----------------------+------------------------+-----------------+--------------+
| No           | No                    | No                     |           10293 |         2186 |
| No           | No                    | Yes                    |               0 |            0 |
| No           | Yes                   | No                     |             163 |           70 |
| Yes          | No                    | No                     |           10246 |         2945 |
| Yes          | No                    | Yes                    |               0 |            0 |
| Yes          | Yes                   | No                     |              12 |            3 |
+--------------+-----------------------+------------------------+-----------------+--------------+


3. Detailed Control Set Information
-----------------------------------

+------------------------------------+----------------------------------+------------------------------------+------------------+----------------+
|            Clock Signal            |           Enable Signal          |          Set/Reset Signal          | Slice Load Count | Bel Load Count |
+------------------------------------+----------------------------------+------------------------------------+------------------+----------------+
|  FSM1/nextState_reg[1]_i_2_n_0     |                                  |                                    |                1 |              2 |
|  PIXEL_CLOCK_GENERATOR/U0/clk_out1 |                                  |                                    |                3 |              4 |
|  PIXEL_CLOCK_GENERATOR/U0/clk_out1 |                                  | VGA_CONTROLLER/VGA_RED_reg[2]_0    |                3 |              4 |
|  CLK_IBUF_BUFG                     | BTNU_DEBOUNCER/E[0]              |                                    |                2 |              6 |
|  CLK_IBUF_BUFG                     | SAMPLER/XLXI_7/E[0]              |                                    |                2 |              8 |
|  CLK_SUBSAMPLE_BUFG                | SAMPLER/DISPLAY_MEM_reg[0][0][0] |                                    |                7 |              8 |
|  PIXEL_CLOCK_GENERATOR/U0/clk_out1 | VGA_CONTROLLER/eqOp2_in          | VGA_CONTROLLER/v_cntr_reg0         |                3 |             12 |
|  CLK_IBUF_BUFG                     |                                  | BTNU_DEBOUNCER/COUNT[0]_i_1__0_n_0 |                7 |             27 |
|  CLK_IBUF_BUFG                     |                                  | BTNR_DEBOUNCER/COUNT[0]_i_1__1_n_0 |                7 |             27 |
|  CLK_IBUF_BUFG                     |                                  | BTNL_DEBOUNCER/COUNT[0]_i_1__2_n_0 |                7 |             27 |
|  CLK_IBUF_BUFG                     |                                  | BTND_DEBOUNCER/COUNT[0]_i_1_n_0    |                7 |             27 |
|  PIXEL_CLOCK_GENERATOR/U0/clk_out1 |                                  | VGA_CONTROLLER/eqOp2_in            |               39 |             51 |
|  CLK_IBUF_BUFG                     |                                  |                                    |               18 |             55 |
|  CLK_SUBSAMPLE_BUFG                | SAMPLER/E[0]                     |                                    |             2934 |          10224 |
|  CLK_SUBSAMPLE_BUFG                |                                  |                                    |             2164 |          10232 |
+------------------------------------+----------------------------------+------------------------------------+------------------+----------------+


